org.entur.enlil.EnlilApplicationIntegrationTests.testEstimatedTimetableRequestWithCancellation=[
<?xml version="1.0" encoding="UTF-8" standalone="yes"?><Siri xmlns="http://www.siri.org.uk/siri" xmlns:ns2="http://www.ifopt.org.uk/acsb" xmlns:ns3="http://www.ifopt.org.uk/ifopt" xmlns:ns4="http://datex2.eu/schema/2_0RC1/2_0" xmlns:ns5="http://www.opengis.net/gml/3.2" version="2.1"><ServiceDelivery><ResponseTimestamp>2023-09-19T19:19:00Z</ResponseTimestamp><ProducerRef>ENT</ProducerRef><EstimatedTimetableDelivery version="2.1"><ResponseTimestamp>2023-09-19T19:19:00Z</ResponseTimestamp><EstimatedJourneyVersionFrame><RecordedAtTime>2023-09-19T19:19:00Z</RecordedAtTime><EstimatedVehicleJourney><RecordedAtTime>2023-09-19T19:19:00Z</RecordedAtTime><LineRef>TST:Line:1</LineRef><DirectionRef>0</DirectionRef><FramedVehicleJourneyRef><DataFrameRef>TST:ServiceJourney:1</DataFrameRef><DatedVehicleJourneyRef>2024-01-01</DatedVehicleJourneyRef></FramedVehicleJourneyRef><Cancellation>true</Cancellation><DataSource>TST</DataSource><EstimatedCalls><EstimatedCall><StopPointRef>TST:Quay:1</StopPointRef><Order>1</Order><StopPointName>Fjord</StopPointName><Cancellation>true</Cancellation><RequestStop>false</RequestStop><ArrivalBoardingActivity>noAlighting</ArrivalBoardingActivity><DepartureStatus>cancelled</DepartureStatus><DepartureBoardingActivity>boarding</DepartureBoardingActivity></EstimatedCall><EstimatedCall><StopPointRef>TST:Quay:2</StopPointRef><Order>2</Order><StopPointName>Fjell</StopPointName><Cancellation>true</Cancellation><RequestStop>false</RequestStop><ArrivalBoardingActivity>noAlighting</ArrivalBoardingActivity><DepartureStatus>cancelled</DepartureStatus><DepartureBoardingActivity>boarding</DepartureBoardingActivity></EstimatedCall></EstimatedCalls><IsCompleteStopSequence>true</IsCompleteStopSequence></EstimatedVehicleJourney></EstimatedJourneyVersionFrame></EstimatedTimetableDelivery></ServiceDelivery></Siri>
]


org.entur.enlil.EnlilApplicationIntegrationTests.testEstimatedTimetableRequestWithExtraJourney=[
<?xml version="1.0" encoding="UTF-8" standalone="yes"?><Siri xmlns="http://www.siri.org.uk/siri" xmlns:ns2="http://www.ifopt.org.uk/acsb" xmlns:ns3="http://www.ifopt.org.uk/ifopt" xmlns:ns4="http://datex2.eu/schema/2_0RC1/2_0" xmlns:ns5="http://www.opengis.net/gml/3.2" version="2.1"><ServiceDelivery><ResponseTimestamp>2023-09-19T19:19:00Z</ResponseTimestamp><ProducerRef>ENT</ProducerRef><EstimatedTimetableDelivery version="2.1"><ResponseTimestamp>2023-09-19T19:19:00Z</ResponseTimestamp><EstimatedJourneyVersionFrame><RecordedAtTime>2023-09-19T19:19:00Z</RecordedAtTime><EstimatedVehicleJourney><RecordedAtTime>2023-09-19T19:19:00Z</RecordedAtTime><LineRef>TST:Line:1</LineRef><DirectionRef>0</DirectionRef><FramedVehicleJourneyRef><DataFrameRef>TST:ServiceJourney:1</DataFrameRef><DatedVehicleJourneyRef>2024-01-01</DatedVehicleJourneyRef></FramedVehicleJourneyRef><Cancellation>true</Cancellation><DataSource>TST</DataSource><EstimatedCalls><EstimatedCall><StopPointRef>TST:Quay:1</StopPointRef><Order>1</Order><StopPointName>Fjord</StopPointName><Cancellation>true</Cancellation><RequestStop>false</RequestStop><ArrivalBoardingActivity>noAlighting</ArrivalBoardingActivity><DepartureStatus>cancelled</DepartureStatus><DepartureBoardingActivity>boarding</DepartureBoardingActivity></EstimatedCall><EstimatedCall><StopPointRef>TST:Quay:2</StopPointRef><Order>2</Order><StopPointName>Fjell</StopPointName><Cancellation>true</Cancellation><RequestStop>false</RequestStop><ArrivalBoardingActivity>noAlighting</ArrivalBoardingActivity><DepartureStatus>cancelled</DepartureStatus><DepartureBoardingActivity>boarding</DepartureBoardingActivity></EstimatedCall></EstimatedCalls><IsCompleteStopSequence>true</IsCompleteStopSequence></EstimatedVehicleJourney><EstimatedVehicleJourney><RecordedAtTime>2023-09-19T19:19:00Z</RecordedAtTime><LineRef>TST:Line:1</LineRef><DirectionRef>0</DirectionRef><VehicleMode>bus</VehicleMode><RouteRef>TST:Route:1</RouteRef><PublishedLineName>Test</PublishedLineName><GroupOfLinesRef>TST:Network:1</GroupOfLinesRef><ExternalLineRef>TST:Line:1</ExternalLineRef><OperatorRef>TST:Operator:1</OperatorRef><DataSource>TST</DataSource><EstimatedCalls><EstimatedCall><StopPointRef>TST:Quay:1</StopPointRef><Order>1</Order><StopPointName>Fjord</StopPointName><DepartureBoardingActivity>boarding</DepartureBoardingActivity></EstimatedCall><EstimatedCall><StopPointRef>TST:Quay:2</StopPointRef><Order>2</Order><StopPointName>Fjell</StopPointName><ArrivalBoardingActivity>alighting</ArrivalBoardingActivity></EstimatedCall></EstimatedCalls><IsCompleteStopSequence>true</IsCompleteStopSequence></EstimatedVehicleJourney></EstimatedJourneyVersionFrame></EstimatedTimetableDelivery></ServiceDelivery></Siri>
]


org.entur.enlil.EnlilApplicationIntegrationTests.testSituationExchangeRequest=[
<?xml version="1.0" encoding="UTF-8" standalone="yes"?><Siri xmlns="http://www.siri.org.uk/siri" xmlns:ns2="http://www.ifopt.org.uk/acsb" xmlns:ns3="http://www.ifopt.org.uk/ifopt" xmlns:ns4="http://datex2.eu/schema/2_0RC1/2_0" xmlns:ns5="http://www.opengis.net/gml/3.2" version="2.1"><ServiceDelivery><ResponseTimestamp>2023-09-19T19:19:00Z</ResponseTimestamp><ProducerRef>ENT</ProducerRef><SituationExchangeDelivery><ResponseTimestamp>2023-09-19T19:19:00Z</ResponseTimestamp><Situations><PtSituationElement><CreationTime>2023-09-19T13:45:00Z</CreationTime><ParticipantRef>TST</ParticipantRef><SituationNumber>TST:SituationNumber:1</SituationNumber><Source><SourceType>directReport</SourceType></Source><Progress>open</Progress><ValidityPeriod><StartTime>2023-09-19T13:45:00Z</StartTime></ValidityPeriod><UndefinedReason></UndefinedReason><Severity>normal</Severity><ReportType>general</ReportType><Summary xml:lang="no">we have a situation here</Summary><Affects><Networks><AffectedNetwork><AffectedLine><LineRef>TST:Line:1</LineRef></AffectedLine></AffectedNetwork></Networks></Affects></PtSituationElement></Situations></SituationExchangeDelivery></ServiceDelivery></Siri>
]